
Memory Configuration

Name             Origin             Length             Attributes
Mem              0x00000000         0x04000000         xrw
*default*        0x00000000         0xffffffff

Linker script and memory map

                0x00010000                . = 0x10000

.startup        0x00010000       0x10
 startup.o(.text)
 .text          0x00010000       0x10 startup.o
                0x00010000                reset

.text           0x00010010       0x70
 *(.text)
 .text          0x00010010       0x1c app.o
                0x00010010                main
 .text          0x0001002c       0x54 uart.o
                0x0001002c                uartSendString

.rodata         0x00010080        0x4
 .rodata        0x00010080        0x4 app.o
                0x00010080                x_roData

.glue_7         0x00010084        0x0
 .glue_7        0x00000000        0x0 linker stubs

.glue_7t        0x00010084        0x0
 .glue_7t       0x00000000        0x0 linker stubs

.vfp11_veneer   0x00010084        0x0
 .vfp11_veneer  0x00000000        0x0 linker stubs

.v4_bx          0x00010084        0x0
 .v4_bx         0x00000000        0x0 linker stubs

.iplt           0x00010084        0x0
 .iplt          0x00000000        0x0 startup.o

.rel.dyn        0x00010084        0x0
 .rel.iplt      0x00000000        0x0 startup.o

.data           0x00010084       0x34
 *(.data)
 .data          0x00010084        0x0 startup.o
 .data          0x00010084       0x34 app.o
                0x00010084                stringBuffer
 .data          0x000100b8        0x0 uart.o

.igot.plt       0x000100b8        0x0
 .igot.plt      0x00000000        0x0 startup.o

.bss            0x000100b8        0x4
 *(.bss)
 .bss           0x000100b8        0x0 startup.o
 .bss           0x000100b8        0x4 app.o
 .bss           0x000100bc        0x0 uart.o
                0x000110bc                . = (. + 0x1000)
                0x000110bc                stack_top = .
LOAD startup.o
LOAD app.o
LOAD uart.o
OUTPUT(learn-in-depth.elf elf32-littlearm)

.ARM.attributes
                0x00000000       0x2e
 .ARM.attributes
                0x00000000       0x22 startup.o
 .ARM.attributes
                0x00000022       0x32 app.o
 .ARM.attributes
                0x00000054       0x32 uart.o

.comment        0x00000000       0x11
 .comment       0x00000000       0x11 app.o
                                 0x12 (size before relaxing)
 .comment       0x00000000       0x12 uart.o

.debug_line     0x00000000       0xb0
 .debug_line    0x00000000       0x3a startup.o
 .debug_line    0x0000003a       0x38 app.o
 .debug_line    0x00000072       0x3e uart.o

.debug_info     0x00000000      0x165
 .debug_info    0x00000000       0x6e startup.o
 .debug_info    0x0000006e       0x9b app.o
 .debug_info    0x00000109       0x5c uart.o

.debug_abbrev   0x00000000       0xe0
 .debug_abbrev  0x00000000       0x14 startup.o
 .debug_abbrev  0x00000014       0x7b app.o
 .debug_abbrev  0x0000008f       0x51 uart.o

.debug_aranges  0x00000000       0x60
 .debug_aranges
                0x00000000       0x20 startup.o
 .debug_aranges
                0x00000020       0x20 app.o
 .debug_aranges
                0x00000040       0x20 uart.o

.debug_loc      0x00000000       0x58
 .debug_loc     0x00000000       0x2c app.o
 .debug_loc     0x0000002c       0x2c uart.o

.debug_str      0x00000000       0xa9
 .debug_str     0x00000000       0x86 app.o
 .debug_str     0x00000086       0x23 uart.o
                                 0x79 (size before relaxing)

.debug_frame    0x00000000       0x54
 .debug_frame   0x00000000       0x2c app.o
 .debug_frame   0x0000002c       0x28 uart.o
